<?php

return [
    'without_placeholder' => 'Qüïtë sürë wë dön\'t hävë ä pläcëhöldër ïn thïs sëntëncë',
    'with_placeholder' => 'Qüïtë sürë wë hävë ä ":placeholder" änd ä :different_placeholder änd änöthër ïn bräckëts (Sömëthïng:something_placeholder)',
    'nested' => [
        'without_placeholder' => 'Qüïtë sürë wë dön\'t hävë ä pläcëhöldër ïn thïs sëntëncë ïn nëstëd ärräy.',
        'with_placeholder' => 'Qüïtë sürë wë hävë ä ":placeholder" änd ä :different_placeholder änd änöthër ïn bräckëts (Sömëthïng:something_placeholder) ïn nëstëd ärräy',
    ],
];