{
    "Quite sure we don't have a placeholder in this sentence.": "Cheese sandwich haben keinen Platzhalter in diesem Satz.",
    "Quite sure we have a \":placeholder\" and a :different_placeholder and another in brackets (Something:something_placeholder).": "Cheese sandwich haben einen \":placeholder\" und einen :different_placeholder und einen anderen in Klammern (etwas:something_placeholder)."
}