{
    "Quite sure we don't have a placeholder in this sentence.": "Cheese Sandwich we don't have a placeholder in this sentence.",
    "Quite sure we have a \":placeholder\" and a :different_placeholder and another in brackets (Something:something_placeholder).": "Cheese Sandwich we have a \",:placeholder\", and another in brackets (Something:something_placeholder)."
}