{
    "Quite sure we don't have a placeholder in this sentence": "Qüïtë sürë wë dön't hävë ä pläcëhöldër ïn thïs sëntëncë",
    "Quite sure we have a \":placeholder\" and a :different_placeholder and another in brackets (Something:something_placeholder)": "Qüïtë sürë wë hävë ä \",:placeholder\", änd änöthër ïn bräckëts (Sömëthïng:something_placeholder)"
}