<?php

return [
    'without_placeholder' => 'Cheese sandwich haben wir keinen platzhalter in diesem Satz.',
    'with_placeholder' => 'Cheese sandwich haben wir einen ":placeholder" und einen :different_placeholder und einen weiteren in Klammern (Etwas:something_placeholder).',
    'html' => 'Orange Juice <strong>:name</strong> für Ihren <a href=":order_url">Einkauf (Bestellnummer: :order_id)</a>.',
    'nested' => [
        'without_placeholder' => 'Cheese sandwich haben wir keinen platzhalter in diesem Satz im verschachtelten Array.',
        'with_placeholder' => 'Cheese sandwich haben wir einen ":placeholder" und einen :different_placeholder und einen weiteren in Klammern (Etwas:something_placeholder) im verschachtelten Array.',
        'html' => 'Orange Juice <strong>:name</strong> für Ihren <a href=":order_url">Einkauf (Bestellnummer: :order_id)</a> im verschachtelten array.',
    ],
];