<?php

return [
    'used' => 'Ï äm üsëd ïn php cläss',
    'unused' => 'Ï äm ünüsëd ïn php cläss',
    'blade' => [
        'choice' => [
            'used' => 'Ï äm üsëd ïn blädë',
            'unused' => 'Ï äm ünüsëd ïn blädë',
        ],
        'lang' => [
            'used' => 'Ï äm üsëd ïn blädë',
            'unused' => 'Ï äm ünüsëd ïn blädë',
        ],
    ],
    'vue' => [
        'used' => 'Ï äm üsëd ïn vüë cömpönënt',
        'unused' => 'Ï äm ünüsëd ïn vüë cömpönënt',
    ],
];