{
    "Used Vendor PHP Class": "Ï äm üsëd ïn php cläss",
    "Unused Vendor PHP Class": "Ï äm ünüsëd ïn php cläss",
    "Used Vendor Blade File": "Ï äm üsëd ïn blädë",
    "Unused Vendor Blade File": "Ï äm ünüsëd ïn blädë",
    "Used Vendor Vue Component": "Ï äm üsëd ïn vüë cömpönënt",
    "Unused Vendor Vue Component": "Ï äm ünüsëd ïn vüë cömpönënt"
}