{
    "Used PHP Class": "Ï äm üsëd ïn php cläss",
    "Unused PHP Class": "Ï äm ünüsëd ïn php cläss",
    "Used Blade File": "Ï äm üsëd ïn blädë",
    "Unused Blade File": "Ï äm ünüsëd ïn blädë",
    "Used Vue Component": "Ï äm üsëd ïn vüë cömpönënt",
    "Unused Vue Component": "Ï äm ünüsëd ïn vüë cömpönënt"
}